........................................................................ [ 26%]
........................................................................ [ 52%]
Windows fatal exception: code 0x800706be

Current thread 0x00003714 (most recent call first):
  File "C:\Users\\u5b59\u5f08 Sun Yi\AppData\Local\Python\pythoncore-3.14-64\Lib\pathlib\__init__.py", line 1213 in symlink_to
  File "C:\Users\\u5b59\u5f08 Sun Yi\AppData\Local\Python\pythoncore-3.14-64\Lib\site-packages\_pytest\pathlib.py", line 220 in _force_symlink
  File "C:\Users\\u5b59\u5f08 Sun Yi\AppData\Local\Python\pythoncore-3.14-64\Lib\site-packages\_pytest\pathlib.py", line 237 in make_numbered_dir
  File "C:\Users\\u5b59\u5f08 Sun Yi\AppData\Local\Python\pythoncore-3.14-64\Lib\site-packages\_pytest\tmpdir.py", line 135 in mktemp
  File "C:\Users\\u5b59\u5f08 Sun Yi\AppData\Local\Python\pythoncore-3.14-64\Lib\site-packages\_pytest\tmpdir.py", line 254 in _mk_tmp
  File "C:\Users\\u5b59\u5f08 Sun Yi\AppData\Local\Python\pythoncore-3.14-64\Lib\site-packages\_pytest\tmpdir.py", line 267 in tmp_path
  File "C:\Users\\u5b59\u5f08 Sun Yi\AppData\Local\Python\pythoncore-3.14-64\Lib\site-packages\_pytest\fixtures.py", line 908 in call_fixture_func
  File "C:\Users\\u5b59\u5f08 Sun Yi\AppData\Local\Python\pythoncore-3.14-64\Lib\site-packages\_pytest\fixtures.py", line 1202 in pytest_fixture_setup
  File "C:\Users\\u5b59\u5f08 Sun Yi\AppData\Local\Python\pythoncore-3.14-64\Lib\site-packages\pluggy\_callers.py", line 121 in _multicall
  File "C:\Users\\u5b59\u5f08 Sun Yi\AppData\Local\Python\pythoncore-3.14-64\Lib\site-packages\pluggy\_manager.py", line 120 in _hookexec
  File "C:\Users\\u5b59\u5f08 Sun Yi\AppData\Local\Python\pythoncore-3.14-64\Lib\site-packages\pluggy\_hooks.py", line 512 in __call__
  File "C:\Users\\u5b59\u5f08 Sun Yi\AppData\Local\Python\pythoncore-3.14-64\Lib\site-packages\_pytest\fixtures.py", line 1110 in execute
  File "C:\Users\\u5b59\u5f08 Sun Yi\AppData\Local\Python\pythoncore-3.14-64\Lib\site-packages\_pytest\fixtures.py", line 627 in _get_active_fixturedef
  File "C:\Users\\u5b59\u5f08 Sun Yi\AppData\Local\Python\pythoncore-3.14-64\Lib\site-packages\_pytest\fixtures.py", line 1068 in execute
  File "C:\Users\\u5b59\u5f08 Sun Yi\AppData\Local\Python\pythoncore-3.14-64\Lib\site-packages\_pytest\fixtures.py", line 627 in _get_active_fixturedef
  File "C:\Users\\u5b59\u5f08 Sun Yi\AppData\Local\Python\pythoncore-3.14-64\Lib\site-packages\_pytest\fixtures.py", line 539 in getfixturevalue
  File "C:\Users\\u5b59\u5f08 Sun Yi\AppData\Local\Python\pythoncore-3.14-64\Lib\site-packages\_pytest\fixtures.py", line 707 in _fillfixtures
  File "C:\Users\\u5b59\u5f08 Sun Yi\AppData\Local\Python\pythoncore-3.14-64\Lib\site-packages\_pytest\python.py", line 1723 in setup
  File "C:\Users\\u5b59\u5f08 Sun Yi\AppData\Local\Python\pythoncore-3.14-64\Lib\site-packages\_pytest\runner.py", line 523 in setup
  File "C:\Users\\u5b59\u5f08 Sun Yi\AppData\Local\Python\pythoncore-3.14-64\Lib\site-packages\_pytest\runner.py", line 165 in pytest_runtest_setup
  File "C:\Users\\u5b59\u5f08 Sun Yi\AppData\Local\Python\pythoncore-3.14-64\Lib\site-packages\pluggy\_callers.py", line 121 in _multicall
  File "C:\Users\\u5b59\u5f08 Sun Yi\AppData\Local\Python\pythoncore-3.14-64\Lib\site-packages\pluggy\_manager.py", line 120 in _hookexec
  File "C:\Users\\u5b59\u5f08 Sun Yi\AppData\Local\Python\pythoncore-3.14-64\Lib\site-packages\pluggy\_hooks.py", line 512 in __call__
  File "C:\Users\\u5b59\u5f08 Sun Yi\AppData\Local\Python\pythoncore-3.14-64\Lib\site-packages\_pytest\runner.py", line 245 in <lambda>
  File "C:\Users\\u5b59\u5f08 Sun Yi\AppData\Local\Python\pythoncore-3.14-64\Lib\site-packages\_pytest\runner.py", line 353 in from_call
  File "C:\Users\\u5b59\u5f08 Sun Yi\AppData\Local\Python\pythoncore-3.14-64\Lib\site-packages\_pytest\runner.py", line 244 in call_and_report
  File "C:\Users\\u5b59\u5f08 Sun Yi\AppData\Local\Python\pythoncore-3.14-64\Lib\site-packages\_pytest\runner.py", line 131 in runtestprotocol
  File "C:\Users\\u5b59\u5f08 Sun Yi\AppData\Local\Python\pythoncore-3.14-64\Lib\site-packages\_pytest\runner.py", line 118 in pytest_runtest_protocol
  File "C:\Users\\u5b59\u5f08 Sun Yi\AppData\Local\Python\pythoncore-3.14-64\Lib\site-packages\pluggy\_callers.py", line 121 in _multicall
  File "C:\Users\\u5b59\u5f08 Sun Yi\AppData\Local\Python\pythoncore-3.14-64\Lib\site-packages\pluggy\_manager.py", line 120 in _hookexec
  File "C:\Users\\u5b59\u5f08 Sun Yi\AppData\Local\Python\pythoncore-3.14-64\Lib\site-packages\pluggy\_hooks.py", line 512 in __call__
  File "C:\Users\\u5b59\u5f08 Sun Yi\AppData\Local\Python\pythoncore-3.14-64\Lib\site-packages\_pytest\main.py", line 396 in pytest_runtestloop
  File "C:\Users\\u5b59\u5f08 Sun Yi\AppData\Local\Python\pythoncore-3.14-64\Lib\site-packages\pluggy\_callers.py", line 121 in _multicall
  File "C:\Users\\u5b59\u5f08 Sun Yi\AppData\Local\Python\pythoncore-3.14-64\Lib\site-packages\pluggy\_manager.py", line 120 in _hookexec
  File "C:\Users\\u5b59\u5f08 Sun Yi\AppData\Local\Python\pythoncore-3.14-64\Lib\site-packages\pluggy\_hooks.py", line 512 in __call__
  File "C:\Users\\u5b59\u5f08 Sun Yi\AppData\Local\Python\pythoncore-3.14-64\Lib\site-packages\_pytest\main.py", line 372 in _main
  File "C:\Users\\u5b59\u5f08 Sun Yi\AppData\Local\Python\pythoncore-3.14-64\Lib\site-packages\_pytest\main.py", line 318 in wrap_session
  File "C:\Users\\u5b59\u5f08 Sun Yi\AppData\Local\Python\pythoncore-3.14-64\Lib\site-packages\_pytest\main.py", line 365 in pytest_cmdline_main
  File "C:\Users\\u5b59\u5f08 Sun Yi\AppData\Local\Python\pythoncore-3.14-64\Lib\site-packages\pluggy\_callers.py", line 121 in _multicall
  File "C:\Users\\u5b59\u5f08 Sun Yi\AppData\Local\Python\pythoncore-3.14-64\Lib\site-packages\pluggy\_manager.py", line 120 in _hookexec
  File "C:\Users\\u5b59\u5f08 Sun Yi\AppData\Local\Python\pythoncore-3.14-64\Lib\site-packages\pluggy\_hooks.py", line 512 in __call__
  File "C:\Users\\u5b59\u5f08 Sun Yi\AppData\Local\Python\pythoncore-3.14-64\Lib\site-packages\_pytest\config\__init__.py", line 199 in main
  File "C:\Users\\u5b59\u5f08 Sun Yi\AppData\Local\Python\pythoncore-3.14-64\Lib\site-packages\_pytest\config\__init__.py", line 223 in console_main
  File "C:\Users\\u5b59\u5f08 Sun Yi\AppData\Local\Python\pythoncore-3.14-64\Lib\site-packages\pytest\__main__.py", line 9 in <module>
  File "<frozen runpy>", line 88 in _run_code
  File "<frozen runpy>", line 198 in _run_module_as_main

Current thread's C stack trace (most recent call first):
  <cannot get C stack on this system>
Windows fatal exception: code 0x800706ba

Current thread 0x00003714 (most recent call first):
  File "C:\Users\\u5b59\u5f08 Sun Yi\AppData\Local\Python\pythoncore-3.14-64\Lib\pathlib\__init__.py", line 1213 in symlink_to
  File "C:\Users\\u5b59\u5f08 Sun Yi\AppData\Local\Python\pythoncore-3.14-64\Lib\site-packages\_pytest\pathlib.py", line 220 in _force_symlink
  File "C:\Users\\u5b59\u5f08 Sun Yi\AppData\Local\Python\pythoncore-3.14-64\Lib\site-packages\_pytest\pathlib.py", line 237 in make_numbered_dir
  File "C:\Users\\u5b59\u5f08 Sun Yi\AppData\Local\Python\pythoncore-3.14-64\Lib\site-packages\_pytest\tmpdir.py", line 135 in mktemp
  File "C:\Users\\u5b59\u5f08 Sun Yi\AppData\Local\Python\pythoncore-3.14-64\Lib\site-packages\_pytest\tmpdir.py", line 254 in _mk_tmp
  File "C:\Users\\u5b59\u5f08 Sun Yi\AppData\Local\Python\pythoncore-3.14-64\Lib\site-packages\_pytest\tmpdir.py", line 267 in tmp_path
  File "C:\Users\\u5b59\u5f08 Sun Yi\AppData\Local\Python\pythoncore-3.14-64\Lib\site-packages\_pytest\fixtures.py", line 908 in call_fixture_func
  File "C:\Users\\u5b59\u5f08 Sun Yi\AppData\Local\Python\pythoncore-3.14-64\Lib\site-packages\_pytest\fixtures.py", line 1202 in pytest_fixture_setup
  File "C:\Users\\u5b59\u5f08 Sun Yi\AppData\Local\Python\pythoncore-3.14-64\Lib\site-packages\pluggy\_callers.py", line 121 in _multicall
  File "C:\Users\\u5b59\u5f08 Sun Yi\AppData\Local\Python\pythoncore-3.14-64\Lib\site-packages\pluggy\_manager.py", line 120 in _hookexec
  File "C:\Users\\u5b59\u5f08 Sun Yi\AppData\Local\Python\pythoncore-3.14-64\Lib\site-packages\pluggy\_hooks.py", line 512 in __call__
  File "C:\Users\\u5b59\u5f08 Sun Yi\AppData\Local\Python\pythoncore-3.14-64\Lib\site-packages\_pytest\fixtures.py", line 1110 in execute
  File "C:\Users\\u5b59\u5f08 Sun Yi\AppData\Local\Python\pythoncore-3.14-64\Lib\site-packages\_pytest\fixtures.py", line 627 in _get_active_fixturedef
  File "C:\Users\\u5b59\u5f08 Sun Yi\AppData\Local\Python\pythoncore-3.14-64\Lib\site-packages\_pytest\fixtures.py", line 1068 in execute
  File "C:\Users\\u5b59\u5f08 Sun Yi\AppData\Local\Python\pythoncore-3.14-64\Lib\site-packages\_pytest\fixtures.py", line 627 in _get_active_fixturedef
  File "C:\Users\\u5b59\u5f08 Sun Yi\AppData\Local\Python\pythoncore-3.14-64\Lib\site-packages\_pytest\fixtures.py", line 539 in getfixturevalue
  File "C:\Users\\u5b59\u5f08 Sun Yi\AppData\Local\Python\pythoncore-3.14-64\Lib\site-packages\_pytest\fixtures.py", line 707 in _fillfixtures
  File "C:\Users\\u5b59\u5f08 Sun Yi\AppData\Local\Python\pythoncore-3.14-64\Lib\site-packages\_pytest\python.py", line 1723 in setup
  File "C:\Users\\u5b59\u5f08 Sun Yi\AppData\Local\Python\pythoncore-3.14-64\Lib\site-packages\_pytest\runner.py", line 523 in setup
  File "C:\Users\\u5b59\u5f08 Sun Yi\AppData\Local\Python\pythoncore-3.14-64\Lib\site-packages\_pytest\runner.py", line 165 in pytest_runtest_setup
  File "C:\Users\\u5b59\u5f08 Sun Yi\AppData\Local\Python\pythoncore-3.14-64\Lib\site-packages\pluggy\_callers.py", line 121 in _multicall
  File "C:\Users\\u5b59\u5f08 Sun Yi\AppData\Local\Python\pythoncore-3.14-64\Lib\site-packages\pluggy\_manager.py", line 120 in _hookexec
  File "C:\Users\\u5b59\u5f08 Sun Yi\AppData\Local\Python\pythoncore-3.14-64\Lib\site-packages\pluggy\_hooks.py", line 512 in __call__
  File "C:\Users\\u5b59\u5f08 Sun Yi\AppData\Local\Python\pythoncore-3.14-64\Lib\site-packages\_pytest\runner.py", line 245 in <lambda>
  File "C:\Users\\u5b59\u5f08 Sun Yi\AppData\Local\Python\pythoncore-3.14-64\Lib\site-packages\_pytest\runner.py", line 353 in from_call
  File "C:\Users\\u5b59\u5f08 Sun Yi\AppData\Local\Python\pythoncore-3.14-64\Lib\site-packages\_pytest\runner.py", line 244 in call_and_report
  File "C:\Users\\u5b59\u5f08 Sun Yi\AppData\Local\Python\pythoncore-3.14-64\Lib\site-packages\_pytest\runner.py", line 131 in runtestprotocol
  File "C:\Users\\u5b59\u5f08 Sun Yi\AppData\Local\Python\pythoncore-3.14-64\Lib\site-packages\_pytest\runner.py", line 118 in pytest_runtest_protocol
  File "C:\Users\\u5b59\u5f08 Sun Yi\AppData\Local\Python\pythoncore-3.14-64\Lib\site-packages\pluggy\_callers.py", line 121 in _multicall
  File "C:\Users\\u5b59\u5f08 Sun Yi\AppData\Local\Python\pythoncore-3.14-64\Lib\site-packages\pluggy\_manager.py", line 120 in _hookexec
  File "C:\Users\\u5b59\u5f08 Sun Yi\AppData\Local\Python\pythoncore-3.14-64\Lib\site-packages\pluggy\_hooks.py", line 512 in __call__
  File "C:\Users\\u5b59\u5f08 Sun Yi\AppData\Local\Python\pythoncore-3.14-64\Lib\site-packages\_pytest\main.py", line 396 in pytest_runtestloop
  File "C:\Users\\u5b59\u5f08 Sun Yi\AppData\Local\Python\pythoncore-3.14-64\Lib\site-packages\pluggy\_callers.py", line 121 in _multicall
  File "C:\Users\\u5b59\u5f08 Sun Yi\AppData\Local\Python\pythoncore-3.14-64\Lib\site-packages\pluggy\_manager.py", line 120 in _hookexec
  File "C:\Users\\u5b59\u5f08 Sun Yi\AppData\Local\Python\pythoncore-3.14-64\Lib\site-packages\pluggy\_hooks.py", line 512 in __call__
  File "C:\Users\\u5b59\u5f08 Sun Yi\AppData\Local\Python\pythoncore-3.14-64\Lib\site-packages\_pytest\main.py", line 372 in _main
  File "C:\Users\\u5b59\u5f08 Sun Yi\AppData\Local\Python\pythoncore-3.14-64\Lib\site-packages\_pytest\main.py", line 318 in wrap_session
  File "C:\Users\\u5b59\u5f08 Sun Yi\AppData\Local\Python\pythoncore-3.14-64\Lib\site-packages\_pytest\main.py", line 365 in pytest_cmdline_main
  File "C:\Users\\u5b59\u5f08 Sun Yi\AppData\Local\Python\pythoncore-3.14-64\Lib\site-packages\pluggy\_callers.py", line 121 in _multicall
  File "C:\Users\\u5b59\u5f08 Sun Yi\AppData\Local\Python\pythoncore-3.14-64\Lib\site-packages\pluggy\_manager.py", line 120 in _hookexec
  File "C:\Users\\u5b59\u5f08 Sun Yi\AppData\Local\Python\pythoncore-3.14-64\Lib\site-packages\pluggy\_hooks.py", line 512 in __call__
  File "C:\Users\\u5b59\u5f08 Sun Yi\AppData\Local\Python\pythoncore-3.14-64\Lib\site-packages\_pytest\config\__init__.py", line 199 in main
  File "C:\Users\\u5b59\u5f08 Sun Yi\AppData\Local\Python\pythoncore-3.14-64\Lib\site-packages\_pytest\config\__init__.py", line 223 in console_main
  File "C:\Users\\u5b59\u5f08 Sun Yi\AppData\Local\Python\pythoncore-3.14-64\Lib\site-packages\pytest\__main__.py", line 9 in <module>
  File "<frozen runpy>", line 88 in _run_code
  File "<frozen runpy>", line 198 in _run_module_as_main

Current thread's C stack trace (most recent call first):
  <cannot get C stack on this system>
........................................................................ [ 79%]
.........................................................                [100%]
273 passed in 3522.99s (0:58:42)
